Script started on Thu 05 Nov 2020 11:17:34 AM EST
]0;tuser@tutor-vserver: ~/mp2/part2+3tuser@tutor-vserver:~/mp2/part2+3$ p[Kgdb printbin.lnx
GNU gdb (GDB) 7.0.1-debian
Copyright (C) 2009 Free Software Foundation, Inc.
License GPLv3+: GNU GPL version 3 or later <http://gnu.org/licenses/gpl.html>
This is free software: you are free to change and redistribute it.
There is NO WARRANTY, to the extent permitted by law.  Type "show copying"
and "show warranty" for details.
This GDB was configured as "i486-linux-gnu".
For bug reporting instructions, please see:
<http://www.gnu.org/software/gdb/bugs/>...
Reading symbols from /home/tuser/mp2/part2+3/printbin.lnx...done.
(gdb)  tar rem /dev/ttyS0
Remote debugging using /dev/ttyS0
0x00100100 in _start ()
(gdb) set $eip=0x100100
(gdb) ireg[K[K[K reg
eax            0x1	1
ecx            0x6967c	431740
edx            0x0	0
ebx            0x0	0
esp            0x5788c	0x5788c
ebp            0x57890	0x57890
esi            0x13e10	81424
edi            0x51ffc	335868
eip            0x100100	0x100100 <_start>
eflags         0x206	[ PF IF ]
cs             0x10	16
ss             0x18	24
ds             0x18	24
es             0x18	24
fs             0x18	24
gs             0x18	24
(gdb) b Donibble
Breakpoint 1 at 0x1001c5
(gdb) c
Continuing.

Breakpoint 1, 0x001001c5 in Donibble ()
(gdb) c
Continuing.

Breakpoint 1, 0x001001c5 in Donibble ()
(gdb) c
Continuing.

Program received signal SIGTRAP, Trace/breakpoint trap.
_startupc () at startup.c:7
7	startup.c: No such file or directory.
	in startup.c
(gdb) ex[K[Kq
A debugging session is active.

	Inferior 1 [Remote target] will be killed.

Quit anyway? (y or n) y
]0;tuser@tutor-vserver: ~/mp2/part2+3tuser@tutor-vserver:~/mp2/part2+3$ exit
exit

Script done on Thu 05 Nov 2020 11:20:09 AM EST
